4
4.000000
110.000000
0
0.000000
90.000000
4
4.000000
1000.000000
1
1.000000
10.000000
Runtime error: float divide by zero
