Not enough operands on stack for StoreI instruction at location 116.
